// Jest Snapshot v1, https://goo.gl/fbAQLP

exports[`<Home /> renders the home page 1`] = `
ShallowWrapper {
  "length": 1,
  Symbol(enzyme.__root__): [Circular],
  Symbol(enzyme.__unrendered__): <Home />,
  Symbol(enzyme.__renderer__): Object {
    "batchedUpdates": [Function],
    "getNode": [Function],
    "render": [Function],
    "simulateEvent": [Function],
    "unmount": [Function],
  },
  Symbol(enzyme.__node__): Object {
    "instance": null,
    "key": undefined,
    "nodeType": "host",
    "props": Object {
      "children": Array [
        <h2
          className="page-heading"
>
          Welcome
</h2>,
        <p>
          What would you like to do?
</p>,
        <LinkButton
          buttonClassName="mr mt"
          text="View all your Clients"
          to="/clients"
/>,
        <LinkButton
          buttonClassName="mr mt"
          text="View all your Sales"
          to="/sales"
/>,
        <LinkButton
          buttonClassName="mr mt"
          text="Actually, I'd like to see an error page instead"
          to="/fault"
/>,
      ],
      "className": "home",
    },
    "ref": null,
    "rendered": Array [
      Object {
        "instance": null,
        "key": undefined,
        "nodeType": "host",
        "props": Object {
          "children": "Welcome",
          "className": "page-heading",
        },
        "ref": null,
        "rendered": "Welcome",
        "type": "h2",
      },
      Object {
        "instance": null,
        "key": undefined,
        "nodeType": "host",
        "props": Object {
          "children": "What would you like to do?",
        },
        "ref": null,
        "rendered": "What would you like to do?",
        "type": "p",
      },
      Object {
        "instance": null,
        "key": undefined,
        "nodeType": "function",
        "props": Object {
          "buttonClassName": "mr mt",
          "text": "View all your Clients",
          "to": "/clients",
        },
        "ref": null,
        "rendered": null,
        "type": [Function],
      },
      Object {
        "instance": null,
        "key": undefined,
        "nodeType": "function",
        "props": Object {
          "buttonClassName": "mr mt",
          "text": "View all your Sales",
          "to": "/sales",
        },
        "ref": null,
        "rendered": null,
        "type": [Function],
      },
      Object {
        "instance": null,
        "key": undefined,
        "nodeType": "function",
        "props": Object {
          "buttonClassName": "mr mt",
          "text": "Actually, I'd like to see an error page instead",
          "to": "/fault",
        },
        "ref": null,
        "rendered": null,
        "type": [Function],
      },
    ],
    "type": "div",
  },
  Symbol(enzyme.__nodes__): Array [
    Object {
      "instance": null,
      "key": undefined,
      "nodeType": "host",
      "props": Object {
        "children": Array [
          <h2
            className="page-heading"
>
            Welcome
</h2>,
          <p>
            What would you like to do?
</p>,
          <LinkButton
            buttonClassName="mr mt"
            text="View all your Clients"
            to="/clients"
/>,
          <LinkButton
            buttonClassName="mr mt"
            text="View all your Sales"
            to="/sales"
/>,
          <LinkButton
            buttonClassName="mr mt"
            text="Actually, I'd like to see an error page instead"
            to="/fault"
/>,
        ],
        "className": "home",
      },
      "ref": null,
      "rendered": Array [
        Object {
          "instance": null,
          "key": undefined,
          "nodeType": "host",
          "props": Object {
            "children": "Welcome",
            "className": "page-heading",
          },
          "ref": null,
          "rendered": "Welcome",
          "type": "h2",
        },
        Object {
          "instance": null,
          "key": undefined,
          "nodeType": "host",
          "props": Object {
            "children": "What would you like to do?",
          },
          "ref": null,
          "rendered": "What would you like to do?",
          "type": "p",
        },
        Object {
          "instance": null,
          "key": undefined,
          "nodeType": "function",
          "props": Object {
            "buttonClassName": "mr mt",
            "text": "View all your Clients",
            "to": "/clients",
          },
          "ref": null,
          "rendered": null,
          "type": [Function],
        },
        Object {
          "instance": null,
          "key": undefined,
          "nodeType": "function",
          "props": Object {
            "buttonClassName": "mr mt",
            "text": "View all your Sales",
            "to": "/sales",
          },
          "ref": null,
          "rendered": null,
          "type": [Function],
        },
        Object {
          "instance": null,
          "key": undefined,
          "nodeType": "function",
          "props": Object {
            "buttonClassName": "mr mt",
            "text": "Actually, I'd like to see an error page instead",
            "to": "/fault",
          },
          "ref": null,
          "rendered": null,
          "type": [Function],
        },
      ],
      "type": "div",
    },
  ],
  Symbol(enzyme.__options__): Object {
    "adapter": ReactSixteenAdapter {
      "options": Object {
        "enableComponentDidUpdateOnSetState": true,
      },
    },
  },
}
`;
