// Jest Snapshot v1, https://goo.gl/fbAQLP

exports[`<NotFound /> renders a 404 page 1`] = `
ShallowWrapper {
  "length": 1,
  Symbol(enzyme.__root__): [Circular],
  Symbol(enzyme.__unrendered__): <NotFound />,
  Symbol(enzyme.__renderer__): Object {
    "batchedUpdates": [Function],
    "getNode": [Function],
    "render": [Function],
    "simulateEvent": [Function],
    "unmount": [Function],
  },
  Symbol(enzyme.__node__): Object {
    "instance": null,
    "key": undefined,
    "nodeType": "host",
    "props": Object {
      "children": Array [
        <h2
          className="page-heading"
>
          Oops! The page you requested doesn't exist
</h2>,
        <p>
          You can 
          <a
                    href="/"
          >
                    go back to the homepage
          </a>
           or, if you like code, 
          <a
                    href="https://github.com/albertkawmi/widget-sales-react"
          >
                    head to GitHub
          </a>
           to find out more about this app.
</p>,
      ],
    },
    "ref": null,
    "rendered": Array [
      Object {
        "instance": null,
        "key": undefined,
        "nodeType": "host",
        "props": Object {
          "children": "Oops! The page you requested doesn't exist",
          "className": "page-heading",
        },
        "ref": null,
        "rendered": "Oops! The page you requested doesn't exist",
        "type": "h2",
      },
      Object {
        "instance": null,
        "key": undefined,
        "nodeType": "host",
        "props": Object {
          "children": Array [
            "You can ",
            <a
              href="/"
>
              go back to the homepage
</a>,
            " or, if you like code, ",
            <a
              href="https://github.com/albertkawmi/widget-sales-react"
>
              head to GitHub
</a>,
            " to find out more about this app.",
          ],
        },
        "ref": null,
        "rendered": Array [
          "You can ",
          Object {
            "instance": null,
            "key": undefined,
            "nodeType": "host",
            "props": Object {
              "children": "go back to the homepage",
              "href": "/",
            },
            "ref": null,
            "rendered": "go back to the homepage",
            "type": "a",
          },
          " or, if you like code, ",
          Object {
            "instance": null,
            "key": undefined,
            "nodeType": "host",
            "props": Object {
              "children": "head to GitHub",
              "href": "https://github.com/albertkawmi/widget-sales-react",
            },
            "ref": null,
            "rendered": "head to GitHub",
            "type": "a",
          },
          " to find out more about this app.",
        ],
        "type": "p",
      },
    ],
    "type": "div",
  },
  Symbol(enzyme.__nodes__): Array [
    Object {
      "instance": null,
      "key": undefined,
      "nodeType": "host",
      "props": Object {
        "children": Array [
          <h2
            className="page-heading"
>
            Oops! The page you requested doesn't exist
</h2>,
          <p>
            You can 
            <a
                        href="/"
            >
                        go back to the homepage
            </a>
             or, if you like code, 
            <a
                        href="https://github.com/albertkawmi/widget-sales-react"
            >
                        head to GitHub
            </a>
             to find out more about this app.
</p>,
        ],
      },
      "ref": null,
      "rendered": Array [
        Object {
          "instance": null,
          "key": undefined,
          "nodeType": "host",
          "props": Object {
            "children": "Oops! The page you requested doesn't exist",
            "className": "page-heading",
          },
          "ref": null,
          "rendered": "Oops! The page you requested doesn't exist",
          "type": "h2",
        },
        Object {
          "instance": null,
          "key": undefined,
          "nodeType": "host",
          "props": Object {
            "children": Array [
              "You can ",
              <a
                href="/"
>
                go back to the homepage
</a>,
              " or, if you like code, ",
              <a
                href="https://github.com/albertkawmi/widget-sales-react"
>
                head to GitHub
</a>,
              " to find out more about this app.",
            ],
          },
          "ref": null,
          "rendered": Array [
            "You can ",
            Object {
              "instance": null,
              "key": undefined,
              "nodeType": "host",
              "props": Object {
                "children": "go back to the homepage",
                "href": "/",
              },
              "ref": null,
              "rendered": "go back to the homepage",
              "type": "a",
            },
            " or, if you like code, ",
            Object {
              "instance": null,
              "key": undefined,
              "nodeType": "host",
              "props": Object {
                "children": "head to GitHub",
                "href": "https://github.com/albertkawmi/widget-sales-react",
              },
              "ref": null,
              "rendered": "head to GitHub",
              "type": "a",
            },
            " to find out more about this app.",
          ],
          "type": "p",
        },
      ],
      "type": "div",
    },
  ],
  Symbol(enzyme.__options__): Object {
    "adapter": ReactSixteenAdapter {
      "options": Object {
        "enableComponentDidUpdateOnSetState": true,
      },
    },
  },
}
`;
