// Jest Snapshot v1, https://goo.gl/fbAQLP

exports[`<ErrorMessage /> renders an error message if present 1`] = `
ShallowWrapper {
  "length": 1,
  Symbol(enzyme.__root__): [Circular],
  Symbol(enzyme.__unrendered__): <ErrorMessage />,
  Symbol(enzyme.__renderer__): Object {
    "batchedUpdates": [Function],
    "getNode": [Function],
    "render": [Function],
    "simulateEvent": [Function],
    "unmount": [Function],
  },
  Symbol(enzyme.__node__): Object {
    "instance": null,
    "key": undefined,
    "nodeType": "host",
    "props": Object {
      "children": Array [
        <div
          className="error__content"
>
          <h4
                    className="error__heading"
          >
                    Sorry, something went wrong. The status text was: 
                    <span
                              className="error__text"
                    >
                              An error message
                    </span>
          </h4>
</div>,
        <div
          className="error__dismiss"
          onClick={undefined}
>
          <span
                    aria-label="Dismiss Error"
                    role="img"
          >
                    ✖︎
          </span>
</div>,
      ],
      "className": "error wrap",
    },
    "ref": null,
    "rendered": Array [
      Object {
        "instance": null,
        "key": undefined,
        "nodeType": "host",
        "props": Object {
          "children": <h4
            className="error__heading"
>
            Sorry, something went wrong. The status text was: 
            <span
                        className="error__text"
            >
                        An error message
            </span>
</h4>,
          "className": "error__content",
        },
        "ref": null,
        "rendered": Object {
          "instance": null,
          "key": undefined,
          "nodeType": "host",
          "props": Object {
            "children": Array [
              "Sorry, something went wrong. The status text was: ",
              <span
                className="error__text"
>
                An error message
</span>,
            ],
            "className": "error__heading",
          },
          "ref": null,
          "rendered": Array [
            "Sorry, something went wrong. The status text was: ",
            Object {
              "instance": null,
              "key": undefined,
              "nodeType": "host",
              "props": Object {
                "children": "An error message",
                "className": "error__text",
              },
              "ref": null,
              "rendered": "An error message",
              "type": "span",
            },
          ],
          "type": "h4",
        },
        "type": "div",
      },
      Object {
        "instance": null,
        "key": undefined,
        "nodeType": "host",
        "props": Object {
          "children": <span
            aria-label="Dismiss Error"
            role="img"
>
            ✖︎
</span>,
          "className": "error__dismiss",
          "onClick": undefined,
        },
        "ref": null,
        "rendered": Object {
          "instance": null,
          "key": undefined,
          "nodeType": "host",
          "props": Object {
            "aria-label": "Dismiss Error",
            "children": "✖︎",
            "role": "img",
          },
          "ref": null,
          "rendered": "✖︎",
          "type": "span",
        },
        "type": "div",
      },
    ],
    "type": "div",
  },
  Symbol(enzyme.__nodes__): Array [
    Object {
      "instance": null,
      "key": undefined,
      "nodeType": "host",
      "props": Object {
        "children": Array [
          <div
            className="error__content"
>
            <h4
                        className="error__heading"
            >
                        Sorry, something went wrong. The status text was: 
                        <span
                                    className="error__text"
                        >
                                    An error message
                        </span>
            </h4>
</div>,
          <div
            className="error__dismiss"
            onClick={undefined}
>
            <span
                        aria-label="Dismiss Error"
                        role="img"
            >
                        ✖︎
            </span>
</div>,
        ],
        "className": "error wrap",
      },
      "ref": null,
      "rendered": Array [
        Object {
          "instance": null,
          "key": undefined,
          "nodeType": "host",
          "props": Object {
            "children": <h4
              className="error__heading"
>
              Sorry, something went wrong. The status text was: 
              <span
                            className="error__text"
              >
                            An error message
              </span>
</h4>,
            "className": "error__content",
          },
          "ref": null,
          "rendered": Object {
            "instance": null,
            "key": undefined,
            "nodeType": "host",
            "props": Object {
              "children": Array [
                "Sorry, something went wrong. The status text was: ",
                <span
                  className="error__text"
>
                  An error message
</span>,
              ],
              "className": "error__heading",
            },
            "ref": null,
            "rendered": Array [
              "Sorry, something went wrong. The status text was: ",
              Object {
                "instance": null,
                "key": undefined,
                "nodeType": "host",
                "props": Object {
                  "children": "An error message",
                  "className": "error__text",
                },
                "ref": null,
                "rendered": "An error message",
                "type": "span",
              },
            ],
            "type": "h4",
          },
          "type": "div",
        },
        Object {
          "instance": null,
          "key": undefined,
          "nodeType": "host",
          "props": Object {
            "children": <span
              aria-label="Dismiss Error"
              role="img"
>
              ✖︎
</span>,
            "className": "error__dismiss",
            "onClick": undefined,
          },
          "ref": null,
          "rendered": Object {
            "instance": null,
            "key": undefined,
            "nodeType": "host",
            "props": Object {
              "aria-label": "Dismiss Error",
              "children": "✖︎",
              "role": "img",
            },
            "ref": null,
            "rendered": "✖︎",
            "type": "span",
          },
          "type": "div",
        },
      ],
      "type": "div",
    },
  ],
  Symbol(enzyme.__options__): Object {
    "adapter": ReactSixteenAdapter {
      "options": Object {
        "enableComponentDidUpdateOnSetState": true,
      },
    },
    "context": Object {
      "error": "An error message",
    },
  },
}
`;
