// Jest Snapshot v1, https://goo.gl/fbAQLP

exports[`<Spinner /> renders a spinner 1`] = `
ShallowWrapper {
  "length": 1,
  Symbol(enzyme.__root__): [Circular],
  Symbol(enzyme.__unrendered__): <Spinner />,
  Symbol(enzyme.__renderer__): Object {
    "batchedUpdates": [Function],
    "getNode": [Function],
    "render": [Function],
    "simulateEvent": [Function],
    "unmount": [Function],
  },
  Symbol(enzyme.__node__): Object {
    "instance": null,
    "key": undefined,
    "nodeType": "host",
    "props": Object {
      "children": Array [
        <img
          alt="Loading..."
          className="spinner"
          src="spinner.png"
/>,
        <a
          className="spinner-link"
          href="/why-so-slow"
>
          Why is this taking so long?
</a>,
      ],
      "className": "spinner-outer",
    },
    "ref": null,
    "rendered": Array [
      Object {
        "instance": null,
        "key": undefined,
        "nodeType": "host",
        "props": Object {
          "alt": "Loading...",
          "className": "spinner",
          "src": "spinner.png",
        },
        "ref": null,
        "rendered": null,
        "type": "img",
      },
      Object {
        "instance": null,
        "key": undefined,
        "nodeType": "host",
        "props": Object {
          "children": "Why is this taking so long?",
          "className": "spinner-link",
          "href": "/why-so-slow",
        },
        "ref": null,
        "rendered": "Why is this taking so long?",
        "type": "a",
      },
    ],
    "type": "div",
  },
  Symbol(enzyme.__nodes__): Array [
    Object {
      "instance": null,
      "key": undefined,
      "nodeType": "host",
      "props": Object {
        "children": Array [
          <img
            alt="Loading..."
            className="spinner"
            src="spinner.png"
/>,
          <a
            className="spinner-link"
            href="/why-so-slow"
>
            Why is this taking so long?
</a>,
        ],
        "className": "spinner-outer",
      },
      "ref": null,
      "rendered": Array [
        Object {
          "instance": null,
          "key": undefined,
          "nodeType": "host",
          "props": Object {
            "alt": "Loading...",
            "className": "spinner",
            "src": "spinner.png",
          },
          "ref": null,
          "rendered": null,
          "type": "img",
        },
        Object {
          "instance": null,
          "key": undefined,
          "nodeType": "host",
          "props": Object {
            "children": "Why is this taking so long?",
            "className": "spinner-link",
            "href": "/why-so-slow",
          },
          "ref": null,
          "rendered": "Why is this taking so long?",
          "type": "a",
        },
      ],
      "type": "div",
    },
  ],
  Symbol(enzyme.__options__): Object {
    "adapter": ReactSixteenAdapter {
      "options": Object {
        "enableComponentDidUpdateOnSetState": true,
      },
    },
  },
}
`;
