// Jest Snapshot v1, https://goo.gl/fbAQLP

exports[`<Fault /> renders A Faulty Page 1`] = `
ShallowWrapper {
  "length": 1,
  Symbol(enzyme.__root__): [Circular],
  Symbol(enzyme.__unrendered__): <Fault />,
  Symbol(enzyme.__renderer__): Object {
    "batchedUpdates": [Function],
    "getNode": [Function],
    "render": [Function],
    "simulateEvent": [Function],
    "unmount": [Function],
  },
  Symbol(enzyme.__node__): Object {
    "instance": null,
    "key": undefined,
    "nodeType": "host",
    "props": Object {
      "children": Array [
        <h2
          className="page-heading"
>
          A Faulty Page
</h2>,
        <p>
          To demonstrate error handling, this page makes a request to an endpoint that eventually returns a 500 error. Once the response comes back, a red error message will appear above and stay on screen until  it's dismissed.
</p>,
      ],
    },
    "ref": null,
    "rendered": Array [
      Object {
        "instance": null,
        "key": undefined,
        "nodeType": "host",
        "props": Object {
          "children": "A Faulty Page",
          "className": "page-heading",
        },
        "ref": null,
        "rendered": "A Faulty Page",
        "type": "h2",
      },
      Object {
        "instance": null,
        "key": undefined,
        "nodeType": "host",
        "props": Object {
          "children": "To demonstrate error handling, this page makes a request to an endpoint that eventually returns a 500 error. Once the response comes back, a red error message will appear above and stay on screen until  it's dismissed.",
        },
        "ref": null,
        "rendered": "To demonstrate error handling, this page makes a request to an endpoint that eventually returns a 500 error. Once the response comes back, a red error message will appear above and stay on screen until  it's dismissed.",
        "type": "p",
      },
    ],
    "type": "div",
  },
  Symbol(enzyme.__nodes__): Array [
    Object {
      "instance": null,
      "key": undefined,
      "nodeType": "host",
      "props": Object {
        "children": Array [
          <h2
            className="page-heading"
>
            A Faulty Page
</h2>,
          <p>
            To demonstrate error handling, this page makes a request to an endpoint that eventually returns a 500 error. Once the response comes back, a red error message will appear above and stay on screen until  it's dismissed.
</p>,
        ],
      },
      "ref": null,
      "rendered": Array [
        Object {
          "instance": null,
          "key": undefined,
          "nodeType": "host",
          "props": Object {
            "children": "A Faulty Page",
            "className": "page-heading",
          },
          "ref": null,
          "rendered": "A Faulty Page",
          "type": "h2",
        },
        Object {
          "instance": null,
          "key": undefined,
          "nodeType": "host",
          "props": Object {
            "children": "To demonstrate error handling, this page makes a request to an endpoint that eventually returns a 500 error. Once the response comes back, a red error message will appear above and stay on screen until  it's dismissed.",
          },
          "ref": null,
          "rendered": "To demonstrate error handling, this page makes a request to an endpoint that eventually returns a 500 error. Once the response comes back, a red error message will appear above and stay on screen until  it's dismissed.",
          "type": "p",
        },
      ],
      "type": "div",
    },
  ],
  Symbol(enzyme.__options__): Object {
    "adapter": ReactSixteenAdapter {
      "options": Object {
        "enableComponentDidUpdateOnSetState": true,
      },
    },
    "context": Object {
      "fetchFault": [Function],
    },
  },
}
`;
